#document
  "\n"
  <html lang="en">
    "\n"
    <head>
      "\n    "
      <meta charset="UTF-8">
      "\n    "
      <meta name="viewport" content="width=device-width, initial-scale=1.0">
      "\n    "
      <title>
        "My Simple Page"
      "\n"
    "\n"
    <body>
      "\n\n    "
      <h1>
        "Welcome to My Website"
      "\n    "
      <p>
        "This is a simple paragraph of text on my basic HTML page."
      "\n\n    "
      <ul>
        "\n        "
        <li>
          "First item"
        "\n        "
        <li>
          "Second item"
        "\n        "
        <li>
          "Third item"
        "\n    "
      "\n\n    "
      <a href="https://example.com">
        "Visit Example Link"
      "\n\n"
    "\n"
  "\n"
